// Jest Snapshot v1, https://goo.gl/fbAQLP

exports[`Author renders correctly 1`] = `
<div
  className="author"
>
  <p
    className="author__bio"
  >
    👋 Stay up to date with me on Twitter 
    <a
      className="author__bio-twitter"
      href="https://www.twitter.com/#"
      rel="noopener noreferrer"
      target="_blank"
    >
      <strong>
        @
        #
      </strong>
      <br />
    </a>
    ☕️ Enjoy my content? Consider supporting me by 
    <a
      className="author__bio-kofi"
      href="https://ko-fi.com/christopherkade"
      rel="noopener noreferrer"
      target="_blank"
    >
      <strong>
        buying me a coffee
      </strong>
      <br />
    </a>
  </p>
</div>
`;
